{
  "symbols": [
    {
      "name": "ModuleFactory",
      "kind": "interface",
      "file": "/tmp/itp-phase-a/fixtures/nestjs/packages/core/injector/compiler.ts",
      "line": 8,
      "signature": "export interface ModuleFactory {",
      "exported": true
    },
    {
      "name": "ModuleCompiler",
      "kind": "class",
      "file": "/tmp/itp-phase-a/fixtures/nestjs/packages/core/injector/compiler.ts",
      "line": 14,
      "signature": "export class ModuleCompiler {",
      "exported": true
    },
    {
      "name": "InternalCoreModuleFactory",
      "kind": "class",
      "file": "/tmp/itp-phase-a/fixtures/nestjs/packages/core/injector/internal-core-module/internal-core-module-factory.ts",
      "line": 17,
      "signature": "export class InternalCoreModuleFactory {",
      "exported": true
    },
    {
      "name": "InternalCoreModule",
      "kind": "class",
      "file": "/tmp/itp-phase-a/fixtures/nestjs/packages/core/injector/internal-core-module/internal-core-module.ts",
      "line": 31,
      "signature": "export class InternalCoreModule {",
      "exported": true
    },
    {
      "name": "LazyModuleLoaderLoadOptions",
      "kind": "interface",
      "file": "/tmp/itp-phase-a/fixtures/nestjs/packages/core/injector/lazy-module-loader/lazy-module-loader-options.interface.ts",
      "line": 1,
      "signature": "export interface LazyModuleLoaderLoadOptions {",
      "exported": true
    },
    {
      "name": "LazyModuleLoader",
      "kind": "class",
      "file": "/tmp/itp-phase-a/fixtures/nestjs/packages/core/injector/lazy-module-loader/lazy-module-loader.ts",
      "line": 12,
      "signature": "export class LazyModuleLoader {",
      "exported": true
    },
    {
      "name": "ModuleRefGetOrResolveOpts",
      "kind": "interface",
      "file": "/tmp/itp-phase-a/fixtures/nestjs/packages/core/injector/module-ref.ts",
      "line": 12,
      "signature": "export interface ModuleRefGetOrResolveOpts {",
      "exported": true
    },
    {
      "name": "Module",
      "kind": "class",
      "file": "/tmp/itp-phase-a/fixtures/nestjs/packages/core/injector/module.ts",
      "line": 44,
      "signature": "export class Module {",
      "exported": true
    },
    {
      "name": "ModulesContainer",
      "kind": "class",
      "file": "/tmp/itp-phase-a/fixtures/nestjs/packages/core/injector/modules-container.ts",
      "line": 5,
      "signature": "export class ModulesContainer extends Map<string, Module> {",
      "exported": true
    },
    {
      "name": "ByReferenceModuleOpaqueKeyFactory",
      "kind": "class",
      "file": "/tmp/itp-phase-a/fixtures/nestjs/packages/core/injector/opaque-key-factory/by-reference-module-opaque-key-factory.ts",
      "line": 10,
      "signature": "export class ByReferenceModuleOpaqueKeyFactory implements ModuleOpaqueKeyFactory {",
      "exported": true
    },
    {
      "name": "DeepHashedModuleOpaqueKeyFactory",
      "kind": "class",
      "file": "/tmp/itp-phase-a/fixtures/nestjs/packages/core/injector/opaque-key-factory/deep-hashed-module-opaque-key-factory.ts",
      "line": 13,
      "signature": "export class DeepHashedModuleOpaqueKeyFactory implements ModuleOpaqueKeyFactory {",
      "exported": true
    },
    {
      "name": "ModuleOpaqueKeyFactory",
      "kind": "interface",
      "file": "/tmp/itp-phase-a/fixtures/nestjs/packages/core/injector/opaque-key-factory/interfaces/module-opaque-key-factory.interface.ts",
      "line": 5,
      "signature": "export interface ModuleOpaqueKeyFactory {",
      "exported": true
    }
  ]
}