{
  "matches": [
    "/tmp/itp-phase-a/fixtures/nestjs/packages/platform-express/test/multer/interceptors/any-files.interceptor.spec.ts",
    "/tmp/itp-phase-a/fixtures/nestjs/packages/platform-express/test/multer/interceptors/file-fields.interceptor.spec.ts",
    "/tmp/itp-phase-a/fixtures/nestjs/packages/platform-express/test/multer/interceptors/file.interceptor.spec.ts",
    "/tmp/itp-phase-a/fixtures/nestjs/packages/platform-express/test/multer/interceptors/files.interceptor.spec.ts",
    "/tmp/itp-phase-a/fixtures/nestjs/packages/platform-express/multer/interceptors/any-files.interceptor.ts",
    "/tmp/itp-phase-a/fixtures/nestjs/packages/platform-express/multer/interceptors/file-fields.interceptor.ts",
    "/tmp/itp-phase-a/fixtures/nestjs/packages/platform-express/multer/interceptors/file.interceptor.ts",
    "/tmp/itp-phase-a/fixtures/nestjs/packages/platform-express/multer/interceptors/files.interceptor.ts",
    "/tmp/itp-phase-a/fixtures/nestjs/packages/platform-express/multer/interceptors/no-files.interceptor.ts",
    "/tmp/itp-phase-a/fixtures/nestjs/packages/core/test/interceptors/interceptors-consumer.spec.ts",
    "/tmp/itp-phase-a/fixtures/nestjs/packages/core/test/interceptors/interceptors-context-creator.spec.ts",
    "/tmp/itp-phase-a/fixtures/nestjs/packages/core/interceptors/interceptors-consumer.ts",
    "/tmp/itp-phase-a/fixtures/nestjs/packages/core/interceptors/interceptors-context-creator.ts",
    "/tmp/itp-phase-a/fixtures/nestjs/packages/common/test/serializer/class-serializer.interceptor.spec.ts",
    "/tmp/itp-phase-a/fixtures/nestjs/packages/common/test/decorators/use-interceptors.decorator.spec.ts",
    "/tmp/itp-phase-a/fixtures/nestjs/packages/common/serializer/class-serializer.interceptor.ts",
    "/tmp/itp-phase-a/fixtures/nestjs/packages/common/interfaces/features/nest-interceptor.interface.ts",
    "/tmp/itp-phase-a/fixtures/nestjs/packages/common/decorators/core/use-interceptors.decorator.ts"
  ]
}